[2026-09-30T14:25:14+08:00] timing gspo start
`torch_dtype` is deprecated! Use `dtype` instead!
Loading checkpoint shards:   0%|          | 0/2 [00:00<?, ?it/s]Loading checkpoint shards:  50%|█████     | 1/2 [00:03<00:03,  3.41s/it]Loading checkpoint shards: 100%|██████████| 2/2 [00:07<00:00,  3.54s/it]Loading checkpoint shards: 100%|██████████| 2/2 [00:07<00:00,  3.53s/it]
The image processor of type `Qwen2VLImageProcessor` is now loaded as a fast processor by default, even if the model checkpoint was saved with a slow processor. This is a breaking change and may produce slightly different outputs. To continue using the slow processor, instantiate this class with `use_fast=False`. Note that this behavior will be extended to all models in a future release.
The following generation flags are not valid and may be ignored: ['temperature']. Set `TRANSFORMERS_VERBOSITY=info` for more details.
[1/84] ep02-failure_onset--2.0s 2.46s
[2/84] ep02-failure_onset--1.0s 2.11s
[3/84] ep02-failure_onset--0.5s 2.11s
[4/84] ep02-failure_onset-+0.0s 2.14s
[5/84] ep02-failure_onset-+0.5s 2.07s
[6/84] ep02-failure_onset-+1.0s 2.17s
[7/84] ep02-failure_onset-+2.0s 2.17s
[8/84] ep02-recovery_onset--2.0s 2.06s
[9/84] ep02-recovery_onset--1.0s 2.03s
[10/84] ep02-recovery_onset--0.5s 2.03s
[11/84] ep02-recovery_onset-+0.0s 2.10s
[12/84] ep02-recovery_onset-+0.5s 2.09s
[13/84] ep02-recovery_onset-+1.0s 2.12s
[14/84] ep02-recovery_onset-+2.0s 2.02s
[15/84] ep08-failure_onset--2.0s 1.99s
[16/84] ep08-failure_onset--1.0s 2.00s
[17/84] ep08-failure_onset--0.5s 1.98s
[18/84] ep08-failure_onset-+0.0s 2.03s
[19/84] ep08-failure_onset-+0.5s 2.05s
[20/84] ep08-failure_onset-+1.0s 2.04s
[21/84] ep08-failure_onset-+2.0s 2.04s
[22/84] ep08-recovery_onset--2.0s 2.02s
[23/84] ep08-recovery_onset--1.0s 2.01s
[24/84] ep08-recovery_onset--0.5s 1.97s
[25/84] ep08-recovery_onset-+0.0s 1.97s
[26/84] ep08-recovery_onset-+0.5s 2.04s
[27/84] ep08-recovery_onset-+1.0s 2.04s
[28/84] ep08-recovery_onset-+2.0s 2.07s
[29/84] ep18-failure_onset--2.0s 2.06s
[30/84] ep18-failure_onset--1.0s 2.03s
[31/84] ep18-failure_onset--0.5s 2.00s
[32/84] ep18-failure_onset-+0.0s 1.98s
[33/84] ep18-failure_onset-+0.5s 2.00s
[34/84] ep18-failure_onset-+1.0s 1.97s
[35/84] ep18-failure_onset-+2.0s 1.99s
[36/84] ep18-recovery_onset--2.0s 2.00s
[37/84] ep18-recovery_onset--1.0s 2.01s
[38/84] ep18-recovery_onset--0.5s 1.99s
[39/84] ep18-recovery_onset-+0.0s 1.97s
[40/84] ep18-recovery_onset-+0.5s 2.01s
[41/84] ep18-recovery_onset-+1.0s 2.07s
[42/84] ep18-recovery_onset-+2.0s 2.02s
[43/84] ep20-failure_onset--2.0s 2.01s
[44/84] ep20-failure_onset--1.0s 2.01s
[45/84] ep20-failure_onset--0.5s 1.99s
[46/84] ep20-failure_onset-+0.0s 2.00s
[47/84] ep20-failure_onset-+0.5s 2.00s
[48/84] ep20-failure_onset-+1.0s 2.02s
[49/84] ep20-failure_onset-+2.0s 2.04s
[50/84] ep20-recovery_onset--2.0s 2.01s
[51/84] ep20-recovery_onset--1.0s 2.01s
[52/84] ep20-recovery_onset--0.5s 2.05s
[53/84] ep20-recovery_onset-+0.0s 2.04s
[54/84] ep20-recovery_onset-+0.5s 2.03s
[55/84] ep20-recovery_onset-+1.0s 2.04s
[56/84] ep20-recovery_onset-+2.0s 2.04s
[57/84] ep47-failure_onset--2.0s 2.02s
[58/84] ep47-failure_onset--1.0s 2.14s
[59/84] ep47-failure_onset--0.5s 2.12s
[60/84] ep47-failure_onset-+0.0s 2.03s
[61/84] ep47-failure_onset-+0.5s 2.11s
[62/84] ep47-failure_onset-+1.0s 2.05s
[63/84] ep47-failure_onset-+2.0s 2.01s
[64/84] ep47-recovery_onset--2.0s 2.04s
[65/84] ep47-recovery_onset--1.0s 2.04s
[66/84] ep47-recovery_onset--0.5s 2.03s
[67/84] ep47-recovery_onset-+0.0s 2.08s
[68/84] ep47-recovery_onset-+0.5s 2.16s
[69/84] ep47-recovery_onset-+1.0s 2.08s
[70/84] ep47-recovery_onset-+2.0s 2.18s
[71/84] ep54-failure_onset--2.0s 2.05s
[72/84] ep54-failure_onset--1.0s 2.12s
[73/84] ep54-failure_onset--0.5s 2.11s
[74/84] ep54-failure_onset-+0.0s 2.12s
[75/84] ep54-failure_onset-+0.5s 2.14s
[76/84] ep54-failure_onset-+1.0s 2.12s
[77/84] ep54-failure_onset-+2.0s 2.13s
[78/84] ep54-recovery_onset--2.0s 2.19s
[79/84] ep54-recovery_onset--1.0s 2.79s
[80/84] ep54-recovery_onset--0.5s 2.58s
[81/84] ep54-recovery_onset-+0.0s 2.51s
[82/84] ep54-recovery_onset-+0.5s 2.50s
[83/84] ep54-recovery_onset-+1.0s 2.50s
[84/84] ep54-recovery_onset-+2.0s 2.37s
{
  "n": 84,
  "json_valid_rate": 1.0,
  "phase_macro_f1": 0.15168539325842695,
  "state_macro_f1": 0.1709219858156029,
  "failure_recall": 0.0,
  "recovery_recall": 0.2,
  "pre_failure_false_positive_rate": 0.0,
  "failure_mode_macro_f1": 0.06315789473684211,
  "failure_mode_macro_f1_non_nominal": 0.06315789473684211,
  "phase_per_class": {
    "align (pick)": {
      "precision": 0.0,
      "recall": 0.0,
      "f1": 0.0,
      "support": 6.0
    },
    "align (place)": {
      "precision": 0.0,
      "recall": 0.0,
      "f1": 0.0,
      "support": 32.0
    },
    "engage (pick)": {
      "precision": 0.43548387096774194,
      "recall": 1.0,
      "f1": 0.6067415730337078,
      "support": 27.0
    },
    "transport": {
      "precision": 0.0,
      "recall": 0.0,
      "f1": 0.0,
      "support": 19.0
    }
  },
  "state_per_class": {
    "failure": {
      "precision": 0.0,
      "recall": 0.0,
      "f1": 0.0,
      "support": 41.0
    },
    "nominal": {
      "precision": 0.1935483870967742,
      "recall": 0.6666666666666666,
      "f1": 0.30000000000000004,
      "support": 18.0
    },
    "recovery": {
      "precision": 0.22727272727272727,
      "recall": 0.2,
      "f1": 0.21276595744680854,
      "support": 25.0
    }
  },
  "failure_mode_per_class": {
    "excessive_force": {
      "precision": 0.0,
      "recall": 0.0,
      "f1": 0.0,
      "support": 11.0
    },
    "jamming": {
      "precision": 0.0,
      "recall": 0.0,
      "f1": 0.0,
      "support": 11.0
    },
    "misalignment": {
      "precision": 0.375,
      "recall": 0.2727272727272727,
      "f1": 0.3157894736842105,
      "support": 22.0
    },
    "retention_failure": {
      "precision": 0.0,
      "recall": 0.0,
      "f1": 0.0,
      "support": 11.0
    },
    "slip": {
      "precision": 0.0,
      "recall": 0.0,
      "f1": 0.0,
      "support": 11.0
    }
  },
  "timing_slices": {
    "early_failure": 0.0,
    "early_recovery": 0.0,
    "late_failure": 0.0,
    "pre_failure": 0.6666666666666666,
    "recovery_+0.0s": 0.16666666666666666,
    "recovery_+0.5s": 0.3333333333333333,
    "recovery_+1.0s": 0.16666666666666666,
    "recovery_+2.0s": 0.16666666666666666,
    "recovery_-0.5s": 0.0,
    "recovery_-1.0s": 0.0,
    "recovery_-2.0s": 0.0
  },
  "gold_state_counts": {
    "nominal": 18,
    "failure": 41,
    "recovery": 25
  },
  "episode_bootstrap": {
    "unit": "episode",
    "samples": 1000,
    "seed": 42,
    "state_macro_f1_95ci": [
      0.11102417618811061,
      0.22287581699346404
    ],
    "failure_recall_95ci": [
      0.0,
      0.0
    ]
  },
  "mean_latency_seconds": 2.090812252113773
}
[2026-09-30T14:28:33+08:00] timing gspo complete
