[2026-09-30T07:56:44+08:00] smoke A0 start
`torch_dtype` is deprecated! Use `dtype` instead!
Loading checkpoint shards:   0%|          | 0/2 [00:00<?, ?it/s]Loading checkpoint shards:  50%|█████     | 1/2 [00:03<00:03,  3.58s/it]Loading checkpoint shards: 100%|██████████| 2/2 [00:07<00:00,  3.66s/it]Loading checkpoint shards: 100%|██████████| 2/2 [00:07<00:00,  3.65s/it]
The image processor of type `Qwen2VLImageProcessor` is now loaded as a fast processor by default, even if the model checkpoint was saved with a slow processor. This is a breaking change and may produce slightly different outputs. To continue using the slow processor, instantiate this class with `use_fast=False`. Note that this behavior will be extended to all models in a future release.
The following generation flags are not valid and may be ignored: ['temperature']. Set `TRANSFORMERS_VERBOSITY=info` for more details.
[1/2] ep02-nominal-f0 2.62s
[2/2] ep02-nominal-f165 1.54s
{
  "n": 2,
  "json_valid_rate": 0.0,
  "phase_macro_f1": 0.0,
  "state_macro_f1": 0.0,
  "failure_recall": 0.0,
  "recovery_recall": 0.0,
  "pre_failure_false_positive_rate": 0.0,
  "failure_mode_macro_f1": 0.0,
  "failure_mode_macro_f1_non_nominal": 0.0,
  "phase_per_class": {
    "align (pick)": {
      "precision": 0.0,
      "recall": 0.0,
      "f1": 0.0,
      "support": 2.0
    }
  },
  "state_per_class": {
    "nominal": {
      "precision": 0.0,
      "recall": 0.0,
      "f1": 0.0,
      "support": 2.0
    }
  },
  "failure_mode_per_class": {},
  "timing_slices": {
    "nominal": 0.0
  },
  "gold_state_counts": {
    "nominal": 2
  },
  "episode_bootstrap": {
    "unit": "episode",
    "samples": 1000,
    "seed": 42,
    "state_macro_f1_95ci": [
      0.0,
      0.0
    ],
    "failure_recall_95ci": [
      0.0,
      0.0
    ]
  },
  "mean_latency_seconds": 2.0793272531591356
}
