[2026-09-30T07:58:18+08:00] full base A0 start
`torch_dtype` is deprecated! Use `dtype` instead!
Loading checkpoint shards:   0%|          | 0/2 [00:00<?, ?it/s]Loading checkpoint shards:  50%|█████     | 1/2 [00:03<00:03,  3.14s/it]Loading checkpoint shards: 100%|██████████| 2/2 [00:06<00:00,  3.21s/it]Loading checkpoint shards: 100%|██████████| 2/2 [00:06<00:00,  3.20s/it]
The image processor of type `Qwen2VLImageProcessor` is now loaded as a fast processor by default, even if the model checkpoint was saved with a slow processor. This is a breaking change and may produce slightly different outputs. To continue using the slow processor, instantiate this class with `use_fast=False`. Note that this behavior will be extended to all models in a future release.
The following generation flags are not valid and may be ignored: ['temperature']. Set `TRANSFORMERS_VERBOSITY=info` for more details.
[1/54] ep02-nominal-f0 1.86s
[2/54] ep02-nominal-f165 1.44s
[3/54] ep02-nominal-f330 1.43s
[4/54] ep02-failure-f360 1.46s
[5/54] ep02-failure-f510 1.45s
[6/54] ep02-failure-f659 1.48s
[7/54] ep02-recovery-f675 1.48s
[8/54] ep02-recovery-f786 1.49s
[9/54] ep02-recovery-f896 1.47s
[10/54] ep08-nominal-f0 1.47s
[11/54] ep08-nominal-f75 1.46s
[12/54] ep08-nominal-f150 1.45s
[13/54] ep08-failure-f180 1.46s
[14/54] ep08-failure-f284 1.43s
[15/54] ep08-failure-f389 1.44s
[16/54] ep08-recovery-f405 1.57s
[17/54] ep08-recovery-f650 1.48s
[18/54] ep08-recovery-f896 1.50s
[19/54] ep18-nominal-f0 1.52s
[20/54] ep18-nominal-f60 1.54s
[21/54] ep18-nominal-f120 1.53s
[22/54] ep18-failure-f150 1.47s
[23/54] ep18-failure-f284 1.47s
[24/54] ep18-failure-f419 1.50s
[25/54] ep18-recovery-f435 1.49s
[26/54] ep18-recovery-f666 1.49s
[27/54] ep18-recovery-f896 1.48s
[28/54] ep20-nominal-f0 1.49s
[29/54] ep20-nominal-f135 1.48s
[30/54] ep20-nominal-f270 1.40s
[31/54] ep20-failure-f300 1.45s
[32/54] ep20-failure-f390 1.48s
[33/54] ep20-failure-f479 1.50s
[34/54] ep20-recovery-f495 1.50s
[35/54] ep20-recovery-f696 1.51s
[36/54] ep20-recovery-f896 1.52s
[37/54] ep47-nominal-f0 1.45s
[38/54] ep47-nominal-f180 1.48s
[39/54] ep47-nominal-f360 1.65s
[40/54] ep47-failure-f390 1.52s
[41/54] ep47-failure-f420 1.53s
[42/54] ep47-failure-f449 1.53s
[43/54] ep47-recovery-f465 1.59s
[44/54] ep47-recovery-f680 1.47s
[45/54] ep47-recovery-f896 1.46s
[46/54] ep54-nominal-f0 1.54s
[47/54] ep54-nominal-f135 1.54s
[48/54] ep54-nominal-f270 1.52s
[49/54] ep54-failure-f300 1.53s
[50/54] ep54-failure-f390 1.53s
[51/54] ep54-failure-f479 1.48s
[52/54] ep54-recovery-f495 1.49s
[53/54] ep54-recovery-f696 1.53s
[54/54] ep54-recovery-f896 1.52s
{
  "n": 54,
  "json_valid_rate": 0.0,
  "phase_macro_f1": 0.0,
  "state_macro_f1": 0.0,
  "failure_recall": 0.0,
  "recovery_recall": 0.0,
  "pre_failure_false_positive_rate": 0.0,
  "failure_mode_macro_f1": 0.0,
  "failure_mode_macro_f1_non_nominal": 0.0,
  "phase_per_class": {
    "align (pick)": {
      "precision": 0.0,
      "recall": 0.0,
      "f1": 0.0,
      "support": 12.0
    },
    "align (place)": {
      "precision": 0.0,
      "recall": 0.0,
      "f1": 0.0,
      "support": 12.0
    },
    "engage (pick)": {
      "precision": 0.0,
      "recall": 0.0,
      "f1": 0.0,
      "support": 13.0
    },
    "engage (place)": {
      "precision": 0.0,
      "recall": 0.0,
      "f1": 0.0,
      "support": 11.0
    },
    "transport": {
      "precision": 0.0,
      "recall": 0.0,
      "f1": 0.0,
      "support": 6.0
    }
  },
  "state_per_class": {
    "failure": {
      "precision": 0.0,
      "recall": 0.0,
      "f1": 0.0,
      "support": 18.0
    },
    "nominal": {
      "precision": 0.0,
      "recall": 0.0,
      "f1": 0.0,
      "support": 18.0
    },
    "recovery": {
      "precision": 0.0,
      "recall": 0.0,
      "f1": 0.0,
      "support": 18.0
    }
  },
  "failure_mode_per_class": {
    "excessive_force": {
      "precision": 0.0,
      "recall": 0.0,
      "f1": 0.0,
      "support": 6.0
    },
    "jamming": {
      "precision": 0.0,
      "recall": 0.0,
      "f1": 0.0,
      "support": 6.0
    },
    "misalignment": {
      "precision": 0.0,
      "recall": 0.0,
      "f1": 0.0,
      "support": 12.0
    },
    "retention_failure": {
      "precision": 0.0,
      "recall": 0.0,
      "f1": 0.0,
      "support": 6.0
    },
    "slip": {
      "precision": 0.0,
      "recall": 0.0,
      "f1": 0.0,
      "support": 6.0
    }
  },
  "timing_slices": {
    "failure": 0.0,
    "nominal": 0.0,
    "recovery": 0.0
  },
  "gold_state_counts": {
    "nominal": 18,
    "failure": 18,
    "recovery": 18
  },
  "episode_bootstrap": {
    "unit": "episode",
    "samples": 1000,
    "seed": 42,
    "state_macro_f1_95ci": [
      0.0,
      0.0
    ],
    "failure_recall_95ci": [
      0.0,
      0.0
    ]
  },
  "mean_latency_seconds": 1.4997642449862152
}
[2026-09-30T07:59:56+08:00] full base A0 complete
