[2026-09-30T09:58:07+08:00] timing sft start
`torch_dtype` is deprecated! Use `dtype` instead!
Loading checkpoint shards:   0%|          | 0/2 [00:00<?, ?it/s]Loading checkpoint shards:  50%|█████     | 1/2 [00:03<00:03,  3.83s/it]Loading checkpoint shards: 100%|██████████| 2/2 [00:07<00:00,  3.68s/it]Loading checkpoint shards: 100%|██████████| 2/2 [00:07<00:00,  3.71s/it]
The image processor of type `Qwen2VLImageProcessor` is now loaded as a fast processor by default, even if the model checkpoint was saved with a slow processor. This is a breaking change and may produce slightly different outputs. To continue using the slow processor, instantiate this class with `use_fast=False`. Note that this behavior will be extended to all models in a future release.
The following generation flags are not valid and may be ignored: ['temperature']. Set `TRANSFORMERS_VERBOSITY=info` for more details.
[1/84] ep02-failure_onset--2.0s 2.45s
[2/84] ep02-failure_onset--1.0s 1.94s
[3/84] ep02-failure_onset--0.5s 2.04s
[4/84] ep02-failure_onset-+0.0s 1.96s
[5/84] ep02-failure_onset-+0.5s 1.98s
[6/84] ep02-failure_onset-+1.0s 1.90s
[7/84] ep02-failure_onset-+2.0s 1.87s
[8/84] ep02-recovery_onset--2.0s 1.93s
[9/84] ep02-recovery_onset--1.0s 1.99s
[10/84] ep02-recovery_onset--0.5s 1.99s
[11/84] ep02-recovery_onset-+0.0s 1.97s
[12/84] ep02-recovery_onset-+0.5s 1.85s
[13/84] ep02-recovery_onset-+1.0s 1.92s
[14/84] ep02-recovery_onset-+2.0s 1.95s
[15/84] ep08-failure_onset--2.0s 2.00s
[16/84] ep08-failure_onset--1.0s 1.97s
[17/84] ep08-failure_onset--0.5s 1.91s
[18/84] ep08-failure_onset-+0.0s 1.95s
[19/84] ep08-failure_onset-+0.5s 1.98s
[20/84] ep08-failure_onset-+1.0s 1.99s
[21/84] ep08-failure_onset-+2.0s 1.93s
[22/84] ep08-recovery_onset--2.0s 1.93s
[23/84] ep08-recovery_onset--1.0s 1.91s
[24/84] ep08-recovery_onset--0.5s 1.94s
[25/84] ep08-recovery_onset-+0.0s 1.94s
[26/84] ep08-recovery_onset-+0.5s 1.85s
[27/84] ep08-recovery_onset-+1.0s 1.92s
[28/84] ep08-recovery_onset-+2.0s 1.87s
[29/84] ep18-failure_onset--2.0s 1.84s
[30/84] ep18-failure_onset--1.0s 1.84s
[31/84] ep18-failure_onset--0.5s 1.98s
[32/84] ep18-failure_onset-+0.0s 1.99s
[33/84] ep18-failure_onset-+0.5s 2.44s
[34/84] ep18-failure_onset-+1.0s 2.24s
[35/84] ep18-failure_onset-+2.0s 1.98s
[36/84] ep18-recovery_onset--2.0s 1.97s
[37/84] ep18-recovery_onset--1.0s 1.90s
[38/84] ep18-recovery_onset--0.5s 1.93s
[39/84] ep18-recovery_onset-+0.0s 1.90s
[40/84] ep18-recovery_onset-+0.5s 2.28s
[41/84] ep18-recovery_onset-+1.0s 2.39s
[42/84] ep18-recovery_onset-+2.0s 1.90s
[43/84] ep20-failure_onset--2.0s 1.94s
[44/84] ep20-failure_onset--1.0s 1.85s
[45/84] ep20-failure_onset--0.5s 1.93s
[46/84] ep20-failure_onset-+0.0s 1.93s
[47/84] ep20-failure_onset-+0.5s 1.90s
[48/84] ep20-failure_onset-+1.0s 1.78s
[49/84] ep20-failure_onset-+2.0s 1.92s
[50/84] ep20-recovery_onset--2.0s 1.95s
[51/84] ep20-recovery_onset--1.0s 1.92s
[52/84] ep20-recovery_onset--0.5s 2.33s
[53/84] ep20-recovery_onset-+0.0s 2.34s
[54/84] ep20-recovery_onset-+0.5s 2.32s
[55/84] ep20-recovery_onset-+1.0s 2.01s
[56/84] ep20-recovery_onset-+2.0s 1.97s
[57/84] ep47-failure_onset--2.0s 1.93s
[58/84] ep47-failure_onset--1.0s 1.84s
[59/84] ep47-failure_onset--0.5s 1.87s
[60/84] ep47-failure_onset-+0.0s 1.84s
[61/84] ep47-failure_onset-+0.5s 2.17s
[62/84] ep47-failure_onset-+1.0s 2.49s
[63/84] ep47-failure_onset-+2.0s 2.12s
[64/84] ep47-recovery_onset--2.0s 1.89s
[65/84] ep47-recovery_onset--1.0s 1.98s
[66/84] ep47-recovery_onset--0.5s 1.96s
[67/84] ep47-recovery_onset-+0.0s 2.00s
[68/84] ep47-recovery_onset-+0.5s 1.94s
[69/84] ep47-recovery_onset-+1.0s 1.95s
[70/84] ep47-recovery_onset-+2.0s 2.00s
[71/84] ep54-failure_onset--2.0s 2.00s
[72/84] ep54-failure_onset--1.0s 1.95s
[73/84] ep54-failure_onset--0.5s 1.86s
[74/84] ep54-failure_onset-+0.0s 2.02s
[75/84] ep54-failure_onset-+0.5s 1.89s
[76/84] ep54-failure_onset-+1.0s 2.05s
[77/84] ep54-failure_onset-+2.0s 1.85s
[78/84] ep54-recovery_onset--2.0s 1.92s
[79/84] ep54-recovery_onset--1.0s 1.81s
[80/84] ep54-recovery_onset--0.5s 1.95s
[81/84] ep54-recovery_onset-+0.0s 1.96s
[82/84] ep54-recovery_onset-+0.5s 1.94s
[83/84] ep54-recovery_onset-+1.0s 1.90s
[84/84] ep54-recovery_onset-+2.0s 1.83s
{
  "n": 84,
  "json_valid_rate": 1.0,
  "phase_macro_f1": 0.19779237365444263,
  "state_macro_f1": 0.1212121212121212,
  "failure_recall": 0.0,
  "recovery_recall": 0.0,
  "pre_failure_false_positive_rate": 0.0,
  "failure_mode_macro_f1": 0.016,
  "failure_mode_macro_f1_non_nominal": 0.016,
  "phase_per_class": {
    "align (pick)": {
      "precision": 0.09523809523809523,
      "recall": 0.3333333333333333,
      "f1": 0.14814814814814814,
      "support": 6.0
    },
    "align (place)": {
      "precision": 0.6666666666666666,
      "recall": 0.0625,
      "f1": 0.11428571428571428,
      "support": 32.0
    },
    "engage (pick)": {
      "precision": 0.38333333333333336,
      "recall": 0.8518518518518519,
      "f1": 0.5287356321839081,
      "support": 27.0
    },
    "transport": {
      "precision": 0.0,
      "recall": 0.0,
      "f1": 0.0,
      "support": 19.0
    }
  },
  "state_per_class": {
    "failure": {
      "precision": 0.0,
      "recall": 0.0,
      "f1": 0.0,
      "support": 41.0
    },
    "nominal": {
      "precision": 0.2222222222222222,
      "recall": 1.0,
      "f1": 0.3636363636363636,
      "support": 18.0
    },
    "recovery": {
      "precision": 0.0,
      "recall": 0.0,
      "f1": 0.0,
      "support": 25.0
    }
  },
  "failure_mode_per_class": {
    "excessive_force": {
      "precision": 0.0,
      "recall": 0.0,
      "f1": 0.0,
      "support": 11.0
    },
    "jamming": {
      "precision": 0.0,
      "recall": 0.0,
      "f1": 0.0,
      "support": 11.0
    },
    "misalignment": {
      "precision": 0.3333333333333333,
      "recall": 0.045454545454545456,
      "f1": 0.08,
      "support": 22.0
    },
    "retention_failure": {
      "precision": 0.0,
      "recall": 0.0,
      "f1": 0.0,
      "support": 11.0
    },
    "slip": {
      "precision": 0.0,
      "recall": 0.0,
      "f1": 0.0,
      "support": 11.0
    }
  },
  "timing_slices": {
    "early_failure": 0.0,
    "early_recovery": 0.0,
    "late_failure": 0.0,
    "pre_failure": 1.0,
    "recovery_+0.0s": 0.0,
    "recovery_+0.5s": 0.0,
    "recovery_+1.0s": 0.0,
    "recovery_+2.0s": 0.0,
    "recovery_-0.5s": 0.0,
    "recovery_-1.0s": 0.0,
    "recovery_-2.0s": 0.0
  },
  "gold_state_counts": {
    "nominal": 18,
    "failure": 41,
    "recovery": 25
  },
  "episode_bootstrap": {
    "unit": "episode",
    "samples": 1000,
    "seed": 42,
    "state_macro_f1_95ci": [
      0.11764705882352942,
      0.1263157894736842
    ],
    "failure_recall_95ci": [
      0.0,
      0.0
    ]
  },
  "mean_latency_seconds": 1.9815574982203543
}
[2026-09-30T10:01:18+08:00] timing sft complete
