[2026-09-30T08:01:45+08:00] full base A2 start
`torch_dtype` is deprecated! Use `dtype` instead!
Loading checkpoint shards:   0%|          | 0/2 [00:00<?, ?it/s]Loading checkpoint shards:  50%|█████     | 1/2 [00:03<00:03,  3.12s/it]Loading checkpoint shards: 100%|██████████| 2/2 [00:06<00:00,  3.20s/it]Loading checkpoint shards: 100%|██████████| 2/2 [00:06<00:00,  3.19s/it]
The image processor of type `Qwen2VLImageProcessor` is now loaded as a fast processor by default, even if the model checkpoint was saved with a slow processor. This is a breaking change and may produce slightly different outputs. To continue using the slow processor, instantiate this class with `use_fast=False`. Note that this behavior will be extended to all models in a future release.
The following generation flags are not valid and may be ignored: ['temperature']. Set `TRANSFORMERS_VERBOSITY=info` for more details.
[1/54] ep02-nominal-f0 2.98s
[2/54] ep02-nominal-f165 2.11s
[3/54] ep02-nominal-f330 1.72s
[4/54] ep02-failure-f360 1.71s
[5/54] ep02-failure-f510 1.66s
[6/54] ep02-failure-f659 1.65s
[7/54] ep02-recovery-f675 1.66s
[8/54] ep02-recovery-f786 1.82s
[9/54] ep02-recovery-f896 1.65s
[10/54] ep08-nominal-f0 1.67s
[11/54] ep08-nominal-f75 1.69s
[12/54] ep08-nominal-f150 1.71s
[13/54] ep08-failure-f180 1.76s
[14/54] ep08-failure-f284 1.85s
[15/54] ep08-failure-f389 1.70s
[16/54] ep08-recovery-f405 1.74s
[17/54] ep08-recovery-f650 1.73s
[18/54] ep08-recovery-f896 1.72s
[19/54] ep18-nominal-f0 1.71s
[20/54] ep18-nominal-f60 1.69s
[21/54] ep18-nominal-f120 1.69s
[22/54] ep18-failure-f150 1.88s
[23/54] ep18-failure-f284 1.71s
[24/54] ep18-failure-f419 1.87s
[25/54] ep18-recovery-f435 1.65s
[26/54] ep18-recovery-f666 1.72s
[27/54] ep18-recovery-f896 1.71s
[28/54] ep20-nominal-f0 1.67s
[29/54] ep20-nominal-f135 1.71s
[30/54] ep20-nominal-f270 1.71s
[31/54] ep20-failure-f300 1.69s
[32/54] ep20-failure-f390 1.88s
[33/54] ep20-failure-f479 1.75s
[34/54] ep20-recovery-f495 1.74s
[35/54] ep20-recovery-f696 1.73s
[36/54] ep20-recovery-f896 1.66s
[37/54] ep47-nominal-f0 1.71s
[38/54] ep47-nominal-f180 1.70s
[39/54] ep47-nominal-f360 1.69s
[40/54] ep47-failure-f390 1.70s
[41/54] ep47-failure-f420 1.70s
[42/54] ep47-failure-f449 1.66s
[43/54] ep47-recovery-f465 1.71s
[44/54] ep47-recovery-f680 2.15s
[45/54] ep47-recovery-f896 2.23s
[46/54] ep54-nominal-f0 2.18s
[47/54] ep54-nominal-f135 2.27s
[48/54] ep54-nominal-f270 1.66s
[49/54] ep54-failure-f300 1.65s
[50/54] ep54-failure-f390 1.69s
[51/54] ep54-failure-f479 1.67s
[52/54] ep54-recovery-f495 1.69s
[53/54] ep54-recovery-f696 1.66s
[54/54] ep54-recovery-f896 1.66s
{
  "n": 54,
  "json_valid_rate": 0.0,
  "phase_macro_f1": 0.0,
  "state_macro_f1": 0.0,
  "failure_recall": 0.0,
  "recovery_recall": 0.0,
  "pre_failure_false_positive_rate": 0.0,
  "failure_mode_macro_f1": 0.0,
  "failure_mode_macro_f1_non_nominal": 0.0,
  "phase_per_class": {
    "align (pick)": {
      "precision": 0.0,
      "recall": 0.0,
      "f1": 0.0,
      "support": 12.0
    },
    "align (place)": {
      "precision": 0.0,
      "recall": 0.0,
      "f1": 0.0,
      "support": 12.0
    },
    "engage (pick)": {
      "precision": 0.0,
      "recall": 0.0,
      "f1": 0.0,
      "support": 13.0
    },
    "engage (place)": {
      "precision": 0.0,
      "recall": 0.0,
      "f1": 0.0,
      "support": 11.0
    },
    "transport": {
      "precision": 0.0,
      "recall": 0.0,
      "f1": 0.0,
      "support": 6.0
    }
  },
  "state_per_class": {
    "failure": {
      "precision": 0.0,
      "recall": 0.0,
      "f1": 0.0,
      "support": 18.0
    },
    "nominal": {
      "precision": 0.0,
      "recall": 0.0,
      "f1": 0.0,
      "support": 18.0
    },
    "recovery": {
      "precision": 0.0,
      "recall": 0.0,
      "f1": 0.0,
      "support": 18.0
    }
  },
  "failure_mode_per_class": {
    "excessive_force": {
      "precision": 0.0,
      "recall": 0.0,
      "f1": 0.0,
      "support": 6.0
    },
    "jamming": {
      "precision": 0.0,
      "recall": 0.0,
      "f1": 0.0,
      "support": 6.0
    },
    "misalignment": {
      "precision": 0.0,
      "recall": 0.0,
      "f1": 0.0,
      "support": 12.0
    },
    "retention_failure": {
      "precision": 0.0,
      "recall": 0.0,
      "f1": 0.0,
      "support": 6.0
    },
    "slip": {
      "precision": 0.0,
      "recall": 0.0,
      "f1": 0.0,
      "support": 6.0
    }
  },
  "timing_slices": {
    "failure": 0.0,
    "nominal": 0.0,
    "recovery": 0.0
  },
  "gold_state_counts": {
    "nominal": 18,
    "failure": 18,
    "recovery": 18
  },
  "episode_bootstrap": {
    "unit": "episode",
    "samples": 1000,
    "seed": 42,
    "state_macro_f1_95ci": [
      0.0,
      0.0
    ],
    "failure_recall_95ci": [
      0.0,
      0.0
    ]
  },
  "mean_latency_seconds": 1.7791490103118122
}
[2026-09-30T08:03:41+08:00] full base A2 complete
