[1/54] ep02-nominal-f0 1.19s
[2/54] ep02-nominal-f165 0.72s
[3/54] ep02-nominal-f330 0.73s
[4/54] ep02-failure-f360 0.82s
[5/54] ep02-failure-f510 0.74s
[6/54] ep02-failure-f659 0.74s
[7/54] ep02-recovery-f675 0.81s
[8/54] ep02-recovery-f786 0.71s
[9/54] ep02-recovery-f896 0.70s
[10/54] ep08-nominal-f0 0.67s
[11/54] ep08-nominal-f75 0.77s
[12/54] ep08-nominal-f150 0.69s
[13/54] ep08-failure-f180 0.72s
[14/54] ep08-failure-f284 0.73s
[15/54] ep08-failure-f389 0.71s
[16/54] ep08-recovery-f405 0.72s
[17/54] ep08-recovery-f650 0.72s
[18/54] ep08-recovery-f896 0.79s
[19/54] ep18-nominal-f0 0.71s
[20/54] ep18-nominal-f60 0.80s
[21/54] ep18-nominal-f120 0.72s
[22/54] ep18-failure-f150 0.69s
[23/54] ep18-failure-f284 0.67s
[24/54] ep18-failure-f419 0.68s
[25/54] ep18-recovery-f435 0.67s
[26/54] ep18-recovery-f666 0.71s
[27/54] ep18-recovery-f896 0.71s
[28/54] ep20-nominal-f0 0.79s
[29/54] ep20-nominal-f135 0.70s
[30/54] ep20-nominal-f270 0.71s
[31/54] ep20-failure-f300 0.71s
[32/54] ep20-failure-f390 0.71s
[33/54] ep20-failure-f479 0.72s
[34/54] ep20-recovery-f495 0.80s
[35/54] ep20-recovery-f696 0.70s
[36/54] ep20-recovery-f896 0.69s
[37/54] ep47-nominal-f0 0.79s
[38/54] ep47-nominal-f180 0.70s
[39/54] ep47-nominal-f360 0.81s
[40/54] ep47-failure-f390 0.71s
[41/54] ep47-failure-f420 0.71s
[42/54] ep47-failure-f449 0.71s
[43/54] ep47-recovery-f465 0.70s
[44/54] ep47-recovery-f680 0.72s
[45/54] ep47-recovery-f896 0.79s
[46/54] ep54-nominal-f0 0.70s
[47/54] ep54-nominal-f135 0.71s
[48/54] ep54-nominal-f270 0.81s
[49/54] ep54-failure-f300 0.93s
[50/54] ep54-failure-f390 0.94s
[51/54] ep54-failure-f479 0.94s
[52/54] ep54-recovery-f495 0.94s
[53/54] ep54-recovery-f696 0.92s
[54/54] ep54-recovery-f896 0.74s
{
  "n": 54,
  "json_valid_rate": 1.0,
  "state_macro_f1": 0.30184331797235026,
  "failure_recall": 0.9444444444444444,
  "failure_precision": 0.38636363636363635,
  "failure_f1": 0.5483870967741935,
  "balanced_accuracy": 0.40740740740740744,
  "failure_correct": 17,
  "failure_support": 18,
  "nominal_recall": 0.2777777777777778,
  "recovery_recall": 0.0,
  "pre_failure_false_positive_rate": 0.7222222222222222,
  "state_per_class": {
    "failure": {
      "precision": 0.38636363636363635,
      "recall": 0.9444444444444444,
      "f1": 0.5483870967741935,
      "support": 18.0
    },
    "nominal": {
      "precision": 0.5,
      "recall": 0.2777777777777778,
      "f1": 0.35714285714285715,
      "support": 18.0
    },
    "recovery": {
      "precision": 0.0,
      "recall": 0.0,
      "f1": 0.0,
      "support": 18.0
    }
  },
  "gold_state_counts": {
    "nominal": 18,
    "failure": 18,
    "recovery": 18
  },
  "predicted_state_counts": {
    "failure": 44,
    "nominal": 10
  },
  "predicted_state_distribution": {
    "counts": {
      "nominal": 10,
      "failure": 44,
      "recovery": 0
    },
    "probabilities": {
      "nominal": 0.18518518518518517,
      "failure": 0.8148148148148148,
      "recovery": 0.0
    },
    "valid_count": 54,
    "invalid_count": 0,
    "collapse_ratio": 0.8148148148148148,
    "prediction_entropy_nats": 0.4791656239282754
  },
  "episode_bootstrap": {
    "unit": "episode",
    "samples": 1000,
    "seed": 42,
    "state_macro_f1_95ci": [
      0.20811287477954143,
      0.37777777777777777
    ],
    "failure_recall_95ci": [
      0.8333333333333334,
      1.0
    ]
  },
  "semantic_diagnostic": {
    "n": 54,
    "json_valid_rate": 1.0,
    "state_macro_f1": 0.30184331797235026,
    "failure_recall": 0.9444444444444444,
    "failure_precision": 0.38636363636363635,
    "failure_f1": 0.5483870967741935,
    "balanced_accuracy": 0.40740740740740744,
    "failure_correct": 17,
    "failure_support": 18,
    "nominal_recall": 0.2777777777777778,
    "recovery_recall": 0.0,
    "pre_failure_false_positive_rate": 0.7222222222222222,
    "state_per_class": {
      "failure": {
        "precision": 0.38636363636363635,
        "recall": 0.9444444444444444,
        "f1": 0.5483870967741935,
        "support": 18.0
      },
      "nominal": {
        "precision": 0.5,
        "recall": 0.2777777777777778,
        "f1": 0.35714285714285715,
        "support": 18.0
      },
      "recovery": {
        "precision": 0.0,
        "recall": 0.0,
        "f1": 0.0,
        "support": 18.0
      }
    },
    "gold_state_counts": {
      "nominal": 18,
      "failure": 18,
      "recovery": 18
    },
    "predicted_state_counts": {
      "failure": 44,
      "nominal": 10
    },
    "predicted_state_distribution": {
      "counts": {
        "nominal": 10,
        "failure": 44,
        "recovery": 0
      },
      "probabilities": {
        "nominal": 0.18518518518518517,
        "failure": 0.8148148148148148,
        "recovery": 0.0
      },
      "valid_count": 54,
      "invalid_count": 0,
      "collapse_ratio": 0.8148148148148148,
      "prediction_entropy_nats": 0.4791656239282754
    },
    "episode_bootstrap": {
      "unit": "episode",
      "samples": 1000,
      "seed": 42,
      "state_macro_f1_95ci": [
        0.20811287477954143,
        0.37777777777777777
      ],
      "failure_recall_95ci": [
        0.8333333333333334,
        1.0
      ]
    }
  },
  "outer_fence_removed_count": 0,
  "task_schema": "state-only",
  "mean_latency_seconds": 0.7557653787511366
}
